../Libraries/sim800l_lib/src/sim800l.c:41:6:sim800l_send_command	24	static
../Libraries/sim800l_lib/src/sim800l.c:55:6:sim800l_send_text	24	static
../Libraries/sim800l_lib/src/sim800l.c:66:6:HAL_UART_RxCpltCallback	16	static
../Libraries/sim800l_lib/src/sim800l.c:83:6:clear_buffs_flags	8	static
../Libraries/sim800l_lib/src/sim800l.c:90:6:sim800l_init	16	static
../Libraries/sim800l_lib/src/sim800l.c:124:6:send_pin	40	static
../Libraries/sim800l_lib/src/sim800l.c:133:6:check_net	8	static
../Libraries/sim800l_lib/src/sim800l.c:138:6:send_sms	80	static
../Libraries/sim800l_lib/src/sim800l.c:163:6:what_manuf	8	static
../Libraries/sim800l_lib/src/sim800l.c:167:6:what_model	8	static
../Libraries/sim800l_lib/src/sim800l.c:171:6:what_rev	8	static
../Libraries/sim800l_lib/src/sim800l.c:175:6:what_imei	8	static
../Libraries/sim800l_lib/src/sim800l.c:179:6:signal_rate	16	static
../Libraries/sim800l_lib/src/sim800l.c:233:6:check_net_reg	8	static
../Libraries/sim800l_lib/src/sim800l.c:237:6:check_sim	8	static
../Libraries/sim800l_lib/src/sim800l.c:242:6:get_baud_rate	8	static
../Libraries/sim800l_lib/src/sim800l.c:247:6:get_oper_mode	8	static
../Libraries/sim800l_lib/src/sim800l.c:251:6:set_default	8	static
../Libraries/sim800l_lib/src/sim800l.c:256:6:curr_moper_info	8	static
../Libraries/sim800l_lib/src/sim800l.c:260:6:find_moper	8	static
../Libraries/sim800l_lib/src/sim800l.c:265:6:time_check	8	static
../Libraries/sim800l_lib/src/sim800l.c:270:6:power_rate	8	static
../Libraries/sim800l_lib/src/sim800l.c:275:6:sms_set_text_mode	8	static
../Libraries/sim800l_lib/src/sim800l.c:280:6:sms_send	48	static
../Libraries/sim800l_lib/src/sim800l.c:293:6:sms_check_all	8	static
../Libraries/sim800l_lib/src/sim800l.c:298:6:make_call	48	static
../Libraries/sim800l_lib/src/sim800l.c:307:6:make_call_ext	16	static
../Libraries/sim800l_lib/src/sim800l.c:329:6:sim800l_echo	16	static
../Libraries/sim800l_lib/src/sim800l.c:355:6:change_lcd_output	16	static
../Libraries/sim800l_lib/src/sim800l.c:365:6:sim800l_set_led_pins	24	static
